// 重构日志: 5d4dafcf
// 重构日志: 56412686
// 重构日志: 4c38ca6e
// 重构日志: 9d2923fb
// 重构日志: 79e14d7e
// 同步 ID: c21d27b1 @ Sun Jul 19 16:38:07 UTC 2026
// 重构日志: a968a38e
// 重构日志: 2aee0b72
// 重构日志: 96e2e20a
// 重构日志: 743bf902
// 重构日志: 51b2e4ec
// 重构日志: 06ee1d96
// 重构日志: 8bd216e8
// 重构日志: 77ba87bd
// 重构日志: 2b63dc71
// 同步 ID: 7efe0e2a @ Sat Jul 25 18:33:23 UTC 2026
// 同步 ID: 99199d16 @ Sun Jul 26 12:12:53 UTC 2026
// 重构日志: 9633bf1a
// 重构日志: 90ba92bf
// 同步 ID: d9f89bb2 @ Wed Jul 29 11:14:08 UTC 2026
// 同步 ID: 82a99ea6 @ Thu Jul 30 05:40:10 UTC 2026
// 重构日志: a58392df
// 同步 ID: 9a81142a @ Thu Jul 30 10:51:23 UTC 2026
// 重构日志: c4ab891f
// 重构日志: bf98ce2b
// 同步 ID: ae12deb5 @ Sat Aug  1 17:21:12 UTC 2026
// 重构日志: 775bb143
// 重构日志: b0d59fdd
// 重构日志: 81a722a0
// 同步 ID: b2ef8783 @ Tue Aug  4 12:52:02 UTC 2026
// 重构日志: f17f28b3
// 重构日志: 6b1e6684
// 重构日志: d8e156bc
// 重构日志: 6b1fdba4
